// Vitest Snapshot v1, https://vitest.dev/guide/snapshot.html

exports[`SynonymsPage > It should render and match a snapshot by default 1`] = `
<body>
  <div>
    <main
      class="_main_3ed661"
    >
      <a
        class="_homeLink_3ed661"
        href="/"
        id="homeLink"
      >
        ‚Üê Back to Home
      </a>
      <h1
        class="_title_3ed661"
      >
        Add a 
        <span
          class="_highlight_3ed661"
        >
          new
        </span>
         Synonym
      </h1>
      <form
        class="_form_3ed661"
      >
        <div
          class="_inputGroup_3ed661"
        >
          <input
            class="_input_3ed661"
            id="wordInput"
            placeholder="Enter a word"
            type="text"
            value=""
          />
        </div>
        <div
          class="_inputGroup_3ed661"
        >
          <input
            class="_input_3ed661"
            id="synonymInput"
            placeholder="Enter a synonym"
            type="text"
            value=""
          />
        </div>
        <button
          class="_button_3ed661"
          disabled=""
          id="addSynonymButton"
          type="submit"
        >
          Add Synonym
        </button>
      </form>
    </main>
  </div>
</body>
`;
